---
source: tui/src/bottom_pane/chat_composer.rs
expression: terminal.backend()
---
"  Mentions                                                                                          "
"   All Results   Filesystem   Filesystem (All)   Plugins                                            "
"  hidden-target                                                                                     "
"› .hidden-target  ignored/                                                                    File  "
"  enter/tab insert · esc close · ↑/↓ select · ←/→ filter                                            "
"                                                                                                    "
"› @hidden-target                                                                                    "
"                                                                                                    "
"                                                                                 100% context left  "
