---
source: tui/src/bottom_pane/chat_composer.rs
expression: terminal.backend()
---
"  Mentions                                                                                          "
"   All Results   Filesystem   Filesystem (All)   Plugins                                            "
"  ~/.json                                                                                           "
"› a-direct.json  ~/                                                                           File  "
"  enter/tab insert · esc close · ↑/↓ select · ←/→ filter                                            "
"                                                                                                    "
"› @~/.json                                                                                          "
"                                                                                                    "
"                                                                                 100% context left  "
