---
source: tui/src/bottom_pane/chat_composer.rs
expression: terminal.backend()
---
"                                                                                                    "
"› @../pd/ppd/file.txt                                                                               "
"                                                                                                    "
"                                                                                                    "
"                                                                                                    "
"                                                                                                    "
"> file.txt  ../pd/ppd/                                                                        File  "
"                                                                                                    "
"  enter insert · esc close · ←/→ switch search modes     [All Results]   Filesystem Only    Plugins "
