---
source: tui/src/bottom_pane/chat_composer.rs
expression: terminal.backend()
---
"                                                                                                    "
"› @/Applications/                                                                                   "
"                                                                                                    "
"                                                                                                    "
"                                                                                                    "
"                                                                                                    "
"> Applications  /                                                                             Dir   "
"                                                                                                    "
"  enter insert · esc close · ←/→ modes    [All Results]   Filesystem    Filesystem (All)    Plugins "
