---
source: tui/src/bottom_pane/chat_composer.rs
expression: terminal.backend()
---
"                                                                                                    "
"› @~/                                                                                               "
"                                                                                                    "
"                                                                                                    "
"                                                                                                    "
"                                                                                                    "
"> .hidden-home-target  ~/                                                                     File  "
"                                                                                                    "
"  enter insert · esc close · ←/→ modes     All Results    Filesystem   [Filesystem (All)]   Plugins "
