---
source: tui/src/bottom_pane/chat_composer.rs
expression: terminal.backend()
---
"  Mentions                                                                                          "
"   All Results   Filesystem   Filesystem (All)   Plugins                                            "
"  ~/                                                                                                "
"› .hidden-home-target  ~/                                                                     File  "
"  enter/tab insert · esc close · ↑/↓ select · ←/→ filter                                            "
"                                                                                                    "
"› @~/                                                                                               "
"                                                                                                    "
"                                                                                 100% context left  "
